/bin/bash: /Users/johannes/Documents/LaTeX/.automation/auto-commit.sh: Operation not permitted
/bin/bash: /Users/johannes/Documents/LaTeX/.automation/auto-commit.sh: Operation not permitted
To https://github.com/informatiky/LaTeX.git
   7bd5d8b..6c37efa  main -> main
To https://github.com/informatiky/LaTeX.git
   6c37efa..b5f3a99  main -> main
To https://github.com/informatiky/LaTeX.git
   b5f3a99..a40bc1b  main -> main
To https://github.com/informatiky/LaTeX.git
   a40bc1b..0eeaa73  main -> main
To https://github.com/informatiky/LaTeX.git
   0eeaa73..4df7d5a  main -> main
To https://github.com/informatiky/LaTeX.git
   4df7d5a..52dc76d  main -> main
To https://github.com/informatiky/LaTeX.git
   52dc76d..e1279c9  main -> main
To https://github.com/informatiky/LaTeX.git
   e1279c9..5d8f4d3  main -> main
To https://github.com/informatiky/LaTeX.git
   5d8f4d3..67e5bbc  main -> main
To https://github.com/informatiky/LaTeX.git
   67e5bbc..23f53c9  main -> main
To https://github.com/informatiky/LaTeX.git
   23f53c9..42cfc4f  main -> main
To https://github.com/informatiky/LaTeX.git
   42cfc4f..44e47a6  main -> main
To https://github.com/informatiky/LaTeX.git
   44e47a6..92d8795  main -> main
To https://github.com/informatiky/LaTeX.git
   92d8795..2b59bfd  main -> main
To https://github.com/informatiky/LaTeX.git
   2b59bfd..d81ec29  main -> main
To https://github.com/informatiky/LaTeX.git
   d81ec29..9e48bc6  main -> main
To https://github.com/informatiky/LaTeX.git
   9e48bc6..42bf750  main -> main
To https://github.com/informatiky/LaTeX.git
   42bf750..a1063bb  main -> main
To https://github.com/informatiky/LaTeX.git
   a1063bb..2b293c4  main -> main
To https://github.com/informatiky/LaTeX.git
   2b293c4..2be2140  main -> main
To https://github.com/informatiky/LaTeX.git
   2be2140..224b8e7  main -> main
To https://github.com/informatiky/LaTeX.git
   224b8e7..380c867  main -> main
To https://github.com/informatiky/LaTeX.git
   380c867..3cdaea7  main -> main
To https://github.com/informatiky/LaTeX.git
   3cdaea7..1654b91  main -> main
To https://github.com/informatiky/LaTeX.git
   1654b91..541ebb0  main -> main
To https://github.com/informatiky/LaTeX.git
   541ebb0..f6403f3  main -> main
To https://github.com/informatiky/LaTeX.git
   f6403f3..7cc0466  main -> main
To https://github.com/informatiky/LaTeX.git
   7cc0466..6ba383a  main -> main
To https://github.com/informatiky/LaTeX.git
   6ba383a..2d1821c  main -> main
To https://github.com/informatiky/LaTeX.git
   2d1821c..296dfa4  main -> main
To https://github.com/informatiky/LaTeX.git
   296dfa4..fa2174d  main -> main
To https://github.com/informatiky/LaTeX.git
   fa2174d..54fd7c9  main -> main
To https://github.com/informatiky/LaTeX.git
   54fd7c9..bf4c8f5  main -> main
To https://github.com/informatiky/LaTeX.git
   bf4c8f5..9629ed2  main -> main
To https://github.com/informatiky/LaTeX.git
   9629ed2..3e4d345  main -> main
To https://github.com/informatiky/LaTeX.git
   3e4d345..32c75fb  main -> main
To https://github.com/informatiky/LaTeX.git
   32c75fb..f930ead  main -> main
To https://github.com/informatiky/LaTeX.git
   f930ead..273ae6d  main -> main
To https://github.com/informatiky/LaTeX.git
   273ae6d..29b2f74  main -> main
To https://github.com/informatiky/LaTeX.git
   29b2f74..e7b280c  main -> main
To https://github.com/informatiky/LaTeX.git
   e7b280c..1a2571e  main -> main
To https://github.com/informatiky/LaTeX.git
   1a2571e..f6eee48  main -> main
To https://github.com/informatiky/LaTeX.git
   f6eee48..d8adc61  main -> main
To https://github.com/informatiky/LaTeX.git
   d8adc61..7e8a5dd  main -> main
To https://github.com/informatiky/LaTeX.git
   7e8a5dd..b714db2  main -> main
To https://github.com/informatiky/LaTeX.git
   b714db2..22087d2  main -> main
To https://github.com/informatiky/LaTeX.git
   22087d2..a1d70cb  main -> main
To https://github.com/informatiky/LaTeX.git
   a1d70cb..697905e  main -> main
To https://github.com/informatiky/LaTeX.git
   697905e..5a17184  main -> main
To https://github.com/informatiky/LaTeX.git
   5a17184..8fc96d3  main -> main
To https://github.com/informatiky/LaTeX.git
   a781076..7130a14  main -> main
To https://github.com/informatiky/LaTeX.git
   8376d5f..8008148  main -> main
error: read error while indexing template 2.out: Resource deadlock avoided
error: template 2.out: failed to insert into database
error: unable to index file 'template 2.out'
fatal: adding files failed
error: read error while indexing template 2.out: Resource deadlock avoided
error: template 2.out: failed to insert into database
error: unable to index file 'template 2.out'
fatal: adding files failed
error: read error while indexing template 2.out: Resource deadlock avoided
error: template 2.out: failed to insert into database
error: unable to index file 'template 2.out'
fatal: adding files failed
error: read error while indexing template 2.out: Resource deadlock avoided
error: template 2.out: failed to insert into database
error: unable to index file 'template 2.out'
fatal: adding files failed
error: read error while indexing template 2.out: Resource deadlock avoided
error: template 2.out: failed to insert into database
error: unable to index file 'template 2.out'
fatal: adding files failed
error: read error while indexing template 2.out: Resource deadlock avoided
error: template 2.out: failed to insert into database
error: unable to index file 'template 2.out'
fatal: adding files failed
error: read error while indexing template 2.out: Resource deadlock avoided
error: template 2.out: failed to insert into database
error: unable to index file 'template 2.out'
fatal: adding files failed
error: read error while indexing template 2.out: Resource deadlock avoided
error: template 2.out: failed to insert into database
error: unable to index file 'template 2.out'
fatal: adding files failed
error: read error while indexing template 2.toc: Resource deadlock avoided
error: template 2.toc: failed to insert into database
error: unable to index file 'template 2.toc'
fatal: adding files failed
error: read error while indexing template 2.toc: Resource deadlock avoided
error: template 2.toc: failed to insert into database
error: unable to index file 'template 2.toc'
fatal: adding files failed
To https://github.com/informatiky/LaTeX.git
   8008148..fa2cba0  main -> main
error: read error while indexing template 2.toc: Resource deadlock avoided
error: template 2.toc: failed to insert into database
error: unable to index file 'template 2.toc'
fatal: adding files failed
error: read error while indexing template 2.toc: Resource deadlock avoided
error: template 2.toc: failed to insert into database
error: unable to index file 'template 2.toc'
fatal: adding files failed
error: read error while indexing template 2.toc: Resource deadlock avoided
error: template 2.toc: failed to insert into database
error: unable to index file 'template 2.toc'
fatal: adding files failed
error: read error while indexing template 2.toc: Resource deadlock avoided
error: template 2.toc: failed to insert into database
error: unable to index file 'template 2.toc'
fatal: adding files failed
error: read error while indexing template 2.toc: Resource deadlock avoided
error: template 2.toc: failed to insert into database
error: unable to index file 'template 2.toc'
fatal: adding files failed
error: read error while indexing template 2.toc: Resource deadlock avoided
error: template 2.toc: failed to insert into database
error: unable to index file 'template 2.toc'
fatal: adding files failed
To https://github.com/informatiky/LaTeX.git
   fa2cba0..b423fe2  main -> main
To https://github.com/informatiky/LaTeX.git
   b423fe2..526dadb  main -> main
To https://github.com/informatiky/LaTeX.git
   526dadb..dbd1ab0  main -> main
To https://github.com/informatiky/LaTeX.git
   dbd1ab0..bd7b4ff  main -> main
To https://github.com/informatiky/LaTeX.git
   bd7b4ff..44b6e35  main -> main
To https://github.com/informatiky/LaTeX.git
   44b6e35..defbbaf  main -> main
To https://github.com/informatiky/LaTeX.git
   defbbaf..e20d6b2  main -> main
To https://github.com/informatiky/LaTeX.git
   e20d6b2..04e4619  main -> main
To https://github.com/informatiky/LaTeX.git
   04e4619..f49632c  main -> main
fatal: not a git repository (or any of the parent directories): .git
fatal: not a git repository (or any of the parent directories): .git
fatal: not a git repository (or any of the parent directories): .git
fatal: not a git repository (or any of the parent directories): .git
fatal: not a git repository (or any of the parent directories): .git
fatal: not a git repository (or any of the parent directories): .git
fatal: not a git repository (or any of the parent directories): .git
fatal: not a git repository (or any of the parent directories): .git
fatal: not a git repository (or any of the parent directories): .git
fatal: not a git repository (or any of the parent directories): .git
fatal: not a git repository (or any of the parent directories): .git
fatal: not a git repository (or any of the parent directories): .git
fatal: not a git repository (or any of the parent directories): .git
fatal: not a git repository (or any of the parent directories): .git
fatal: not a git repository (or any of the parent directories): .git
fatal: not a git repository (or any of the parent directories): .git
fatal: not a git repository (or any of the parent directories): .git
fatal: not a git repository (or any of the parent directories): .git
fatal: not a git repository (or any of the parent directories): .git
fatal: not a git repository (or any of the parent directories): .git
fatal: not a git repository (or any of the parent directories): .git
fatal: not a git repository (or any of the parent directories): .git
fatal: not a git repository (or any of the parent directories): .git
fatal: not a git repository (or any of the parent directories): .git
fatal: not a git repository (or any of the parent directories): .git
fatal: not a git repository (or any of the parent directories): .git
fatal: not a git repository (or any of the parent directories): .git
fatal: not a git repository (or any of the parent directories): .git
fatal: not a git repository (or any of the parent directories): .git
fatal: not a git repository (or any of the parent directories): .git
fatal: not a git repository (or any of the parent directories): .git
fatal: not a git repository (or any of the parent directories): .git
fatal: not a git repository (or any of the parent directories): .git
fatal: not a git repository (or any of the parent directories): .git
fatal: not a git repository (or any of the parent directories): .git
fatal: not a git repository (or any of the parent directories): .git
fatal: not a git repository (or any of the parent directories): .git
fatal: not a git repository (or any of the parent directories): .git
fatal: not a git repository (or any of the parent directories): .git
fatal: not a git repository (or any of the parent directories): .git
fatal: not a git repository (or any of the parent directories): .git
fatal: not a git repository (or any of the parent directories): .git
fatal: not a git repository (or any of the parent directories): .git
fatal: not a git repository (or any of the parent directories): .git
fatal: not a git repository (or any of the parent directories): .git
fatal: not a git repository (or any of the parent directories): .git
fatal: not a git repository (or any of the parent directories): .git
fatal: not a git repository (or any of the parent directories): .git
fatal: not a git repository (or any of the parent directories): .git
fatal: not a git repository (or any of the parent directories): .git
fatal: not a git repository (or any of the parent directories): .git
fatal: not a git repository (or any of the parent directories): .git
fatal: not a git repository (or any of the parent directories): .git
fatal: not a git repository (or any of the parent directories): .git
fatal: not a git repository (or any of the parent directories): .git
fatal: not a git repository (or any of the parent directories): .git
fatal: not a git repository (or any of the parent directories): .git
fatal: not a git repository (or any of the parent directories): .git
fatal: not a git repository (or any of the parent directories): .git
fatal: not a git repository (or any of the parent directories): .git
fatal: not a git repository (or any of the parent directories): .git
fatal: not a git repository (or any of the parent directories): .git
fatal: cannot use .git/info/exclude as an exclude file
fatal: mmap failed: Resource deadlock avoided
fatal: mmap failed: Resource deadlock avoided
fatal: mmap failed: Resource deadlock avoided
fatal: mmap failed: Resource deadlock avoided
fatal: mmap failed: Resource deadlock avoided
fatal: mmap failed: Resource deadlock avoided
fatal: mmap failed: Resource deadlock avoided
fatal: mmap failed: Resource deadlock avoided
fatal: mmap failed: Resource deadlock avoided
fatal: mmap failed: Resource deadlock avoided
fatal: mmap failed: Resource deadlock avoided
fatal: mmap failed: Resource deadlock avoided
fatal: mmap failed: Resource deadlock avoided
fatal: mmap failed: Resource deadlock avoided
fatal: mmap failed: Resource deadlock avoided
fatal: mmap failed: Resource deadlock avoided
fatal: mmap failed: Resource deadlock avoided
fatal: mmap failed: Resource deadlock avoided
fatal: mmap failed: Resource deadlock avoided
fatal: mmap failed: Resource deadlock avoided
fatal: mmap failed: Resource deadlock avoided
fatal: mmap failed: Resource deadlock avoided
fatal: mmap failed: Resource deadlock avoided
fatal: mmap failed: Resource deadlock avoided
fatal: mmap failed: Resource deadlock avoided
fatal: mmap failed: Resource deadlock avoided
fatal: mmap failed: Resource deadlock avoided
fatal: mmap failed: Resource deadlock avoided
fatal: mmap failed: Resource deadlock avoided
fatal: mmap failed: Resource deadlock avoided
fatal: mmap failed: Resource deadlock avoided
fatal: mmap failed: Resource deadlock avoided
fatal: mmap failed: Resource deadlock avoided
fatal: mmap failed: Resource deadlock avoided
fatal: mmap failed: Resource deadlock avoided
fatal: mmap failed: Resource deadlock avoided
fatal: mmap failed: Resource deadlock avoided
fatal: mmap failed: Resource deadlock avoided
fatal: mmap failed: Resource deadlock avoided
fatal: mmap failed: Resource deadlock avoided
fatal: mmap failed: Resource deadlock avoided
fatal: mmap failed: Resource deadlock avoided
fatal: mmap failed: Resource deadlock avoided
fatal: mmap failed: Resource deadlock avoided
fatal: mmap failed: Resource deadlock avoided
fatal: mmap failed: Resource deadlock avoided
fatal: mmap failed: Resource deadlock avoided
fatal: mmap failed: Resource deadlock avoided
fatal: mmap failed: Resource deadlock avoided
fatal: mmap failed: Resource deadlock avoided
fatal: mmap failed: Resource deadlock avoided
fatal: mmap failed: Resource deadlock avoided
fatal: mmap failed: Resource deadlock avoided
fatal: mmap failed: Resource deadlock avoided
fatal: mmap failed: Resource deadlock avoided
fatal: mmap failed: Resource deadlock avoided
fatal: mmap failed: Resource deadlock avoided
fatal: mmap failed: Resource deadlock avoided
fatal: mmap failed: Resource deadlock avoided
fatal: mmap failed: Resource deadlock avoided
fatal: mmap failed: Resource deadlock avoided
fatal: mmap failed: Resource deadlock avoided
fatal: mmap failed: Resource deadlock avoided
fatal: mmap failed: Resource deadlock avoided
fatal: mmap failed: Resource deadlock avoided
fatal: mmap failed: Resource deadlock avoided
fatal: mmap failed: Resource deadlock avoided
To https://github.com/informatiky/LaTeX.git
   f49632c..a2eb443  main -> main
To https://github.com/informatiky/LaTeX.git
   a2eb443..f9cc494  main -> main
To https://github.com/informatiky/LaTeX.git
   f9cc494..1982665  main -> main
fatal: not a git repository (or any of the parent directories): .git
fatal: not a git repository (or any of the parent directories): .git
fatal: not a git repository (or any of the parent directories): .git
fatal: not a git repository (or any of the parent directories): .git
fatal: not a git repository (or any of the parent directories): .git
fatal: not a git repository (or any of the parent directories): .git
fatal: not a git repository (or any of the parent directories): .git
fatal: not a git repository (or any of the parent directories): .git
fatal: not a git repository (or any of the parent directories): .git
fatal: not a git repository (or any of the parent directories): .git
fatal: not a git repository (or any of the parent directories): .git
fatal: not a git repository (or any of the parent directories): .git
fatal: not a git repository (or any of the parent directories): .git
fatal: not a git repository (or any of the parent directories): .git
fatal: not a git repository (or any of the parent directories): .git
fatal: not a git repository (or any of the parent directories): .git
fatal: not a git repository (or any of the parent directories): .git
fatal: not a git repository (or any of the parent directories): .git
fatal: not a git repository (or any of the parent directories): .git
fatal: not a git repository (or any of the parent directories): .git
fatal: not a git repository (or any of the parent directories): .git
fatal: not a git repository (or any of the parent directories): .git
fatal: not a git repository (or any of the parent directories): .git
fatal: not a git repository (or any of the parent directories): .git
fatal: not a git repository (or any of the parent directories): .git
fatal: not a git repository (or any of the parent directories): .git
fatal: not a git repository (or any of the parent directories): .git
fatal: not a git repository (or any of the parent directories): .git
fatal: not a git repository (or any of the parent directories): .git
fatal: not a git repository (or any of the parent directories): .git
fatal: not a git repository (or any of the parent directories): .git
fatal: not a git repository (or any of the parent directories): .git
fatal: not a git repository (or any of the parent directories): .git
fatal: not a git repository (or any of the parent directories): .git
fatal: not a git repository (or any of the parent directories): .git
fatal: not a git repository (or any of the parent directories): .git
fatal: not a git repository (or any of the parent directories): .git
fatal: not a git repository (or any of the parent directories): .git
fatal: not a git repository (or any of the parent directories): .git
fatal: not a git repository (or any of the parent directories): .git
fatal: not a git repository (or any of the parent directories): .git
fatal: not a git repository (or any of the parent directories): .git
fatal: not a git repository (or any of the parent directories): .git
fatal: not a git repository (or any of the parent directories): .git
fatal: not a git repository (or any of the parent directories): .git
fatal: not a git repository (or any of the parent directories): .git
fatal: not a git repository (or any of the parent directories): .git
fatal: not a git repository (or any of the parent directories): .git
fatal: not a git repository (or any of the parent directories): .git
fatal: not a git repository (or any of the parent directories): .git
fatal: not a git repository (or any of the parent directories): .git
fatal: not a git repository (or any of the parent directories): .git
fatal: not a git repository (or any of the parent directories): .git
fatal: not a git repository (or any of the parent directories): .git
fatal: not a git repository (or any of the parent directories): .git
fatal: not a git repository (or any of the parent directories): .git
fatal: not a git repository (or any of the parent directories): .git
fatal: not a git repository (or any of the parent directories): .git
fatal: not a git repository (or any of the parent directories): .git
fatal: not a git repository (or any of the parent directories): .git
fatal: not a git repository (or any of the parent directories): .git
fatal: not a git repository (or any of the parent directories): .git
fatal: not a git repository (or any of the parent directories): .git
fatal: not a git repository (or any of the parent directories): .git
fatal: not a git repository (or any of the parent directories): .git
fatal: not a git repository (or any of the parent directories): .git
fatal: not a git repository (or any of the parent directories): .git
fatal: not a git repository (or any of the parent directories): .git
fatal: not a git repository (or any of the parent directories): .git
fatal: not a git repository (or any of the parent directories): .git
fatal: not a git repository (or any of the parent directories): .git
fatal: not a git repository (or any of the parent directories): .git
fatal: not a git repository (or any of the parent directories): .git
fatal: not a git repository (or any of the parent directories): .git
fatal: not a git repository (or any of the parent directories): .git
fatal: not a git repository (or any of the parent directories): .git
fatal: not a git repository (or any of the parent directories): .git
fatal: not a git repository (or any of the parent directories): .git
fatal: not a git repository (or any of the parent directories): .git
fatal: not a git repository (or any of the parent directories): .git
fatal: not a git repository (or any of the parent directories): .git
fatal: not a git repository (or any of the parent directories): .git
fatal: not a git repository (or any of the parent directories): .git
fatal: not a git repository (or any of the parent directories): .git
fatal: not a git repository (or any of the parent directories): .git
fatal: not a git repository (or any of the parent directories): .git
fatal: not a git repository (or any of the parent directories): .git
fatal: not a git repository (or any of the parent directories): .git
fatal: not a git repository (or any of the parent directories): .git
fatal: not a git repository (or any of the parent directories): .git
fatal: not a git repository (or any of the parent directories): .git
fatal: not a git repository (or any of the parent directories): .git
fatal: not a git repository (or any of the parent directories): .git
fatal: not a git repository (or any of the parent directories): .git
fatal: not a git repository (or any of the parent directories): .git
fatal: .git/index: unable to map index file: Resource deadlock avoided
fatal: .git/index: unable to map index file: Resource deadlock avoided
fatal: .git/index: unable to map index file: Resource deadlock avoided
fatal: .git/index: unable to map index file: Resource deadlock avoided
fatal: .git/index: unable to map index file: Resource deadlock avoided
fatal: .git/index: unable to map index file: Resource deadlock avoided
fatal: .git/index: unable to map index file: Resource deadlock avoided
fatal: .git/index: unable to map index file: Resource deadlock avoided
fatal: .git/index: unable to map index file: Resource deadlock avoided
fatal: .git/index: unable to map index file: Resource deadlock avoided
fatal: .git/index: unable to map index file: Resource deadlock avoided
fatal: .git/index: unable to map index file: Resource deadlock avoided
fatal: .git/index: unable to map index file: Resource deadlock avoided
fatal: .git/index: unable to map index file: Resource deadlock avoided
fatal: .git/index: unable to map index file: Resource deadlock avoided
fatal: .git/index: unable to map index file: Resource deadlock avoided
fatal: .git/index: unable to map index file: Resource deadlock avoided
fatal: mmap failed: Resource deadlock avoided
fatal: .git/index: unable to map index file: Resource deadlock avoided
fatal: .git/index: unable to map index file: Resource deadlock avoided
fatal: .git/index: unable to map index file: Resource deadlock avoided
fatal: .git/index: unable to map index file: Resource deadlock avoided
fatal: .git/index: unable to map index file: Resource deadlock avoided
fatal: .git/index: unable to map index file: Resource deadlock avoided
fatal: .git/index: unable to map index file: Resource deadlock avoided
fatal: .git/index: unable to map index file: Resource deadlock avoided
fatal: .git/index: unable to map index file: Resource deadlock avoided
fatal: not a git repository (or any of the parent directories): .git
fatal: not a git repository (or any of the parent directories): .git
fatal: not a git repository (or any of the parent directories): .git
fatal: not a git repository (or any of the parent directories): .git
fatal: not a git repository (or any of the parent directories): .git
fatal: not a git repository (or any of the parent directories): .git
fatal: not a git repository (or any of the parent directories): .git
fatal: not a git repository (or any of the parent directories): .git
fatal: not a git repository (or any of the parent directories): .git
fatal: not a git repository (or any of the parent directories): .git
fatal: not a git repository (or any of the parent directories): .git
fatal: not a git repository (or any of the parent directories): .git
fatal: not a git repository (or any of the parent directories): .git
fatal: not a git repository (or any of the parent directories): .git
fatal: not a git repository (or any of the parent directories): .git
fatal: not a git repository (or any of the parent directories): .git
fatal: not a git repository (or any of the parent directories): .git
fatal: not a git repository (or any of the parent directories): .git
fatal: mmap failed: Resource deadlock avoided
fatal: mmap failed: Resource deadlock avoided
fatal: mmap failed: Resource deadlock avoided
fatal: mmap failed: Resource deadlock avoided
fatal: mmap failed: Resource deadlock avoided
fatal: mmap failed: Resource deadlock avoided
fatal: mmap failed: Resource deadlock avoided
fatal: mmap failed: Resource deadlock avoided
fatal: mmap failed: Resource deadlock avoided
fatal: mmap failed: Resource deadlock avoided
fatal: mmap failed: Resource deadlock avoided
fatal: mmap failed: Resource deadlock avoided
fatal: mmap failed: Resource deadlock avoided
fatal: mmap failed: Resource deadlock avoided
fatal: mmap failed: Resource deadlock avoided
fatal: mmap failed: Resource deadlock avoided
fatal: mmap failed: Resource deadlock avoided
fatal: mmap failed: Resource deadlock avoided
fatal: mmap failed: Resource deadlock avoided
fatal: mmap failed: Resource deadlock avoided
fatal: mmap failed: Resource deadlock avoided
fatal: mmap failed: Resource deadlock avoided
fatal: mmap failed: Resource deadlock avoided
fatal: mmap failed: Resource deadlock avoided
fatal: mmap failed: Resource deadlock avoided
fatal: mmap failed: Resource deadlock avoided
fatal: mmap failed: Resource deadlock avoided
fatal: mmap failed: Resource deadlock avoided
fatal: mmap failed: Resource deadlock avoided
fatal: mmap failed: Resource deadlock avoided
fatal: mmap failed: Resource deadlock avoided
fatal: mmap failed: Resource deadlock avoided
fatal: mmap failed: Resource deadlock avoided
fatal: mmap failed: Resource deadlock avoided
fatal: mmap failed: Resource deadlock avoided
fatal: mmap failed: Resource deadlock avoided
fatal: mmap failed: Resource deadlock avoided
fatal: mmap failed: Resource deadlock avoided
fatal: mmap failed: Resource deadlock avoided
fatal: mmap failed: Resource deadlock avoided
fatal: mmap failed: Resource deadlock avoided
fatal: mmap failed: Resource deadlock avoided
fatal: mmap failed: Resource deadlock avoided
fatal: mmap failed: Resource deadlock avoided
fatal: mmap failed: Resource deadlock avoided
fatal: mmap failed: Resource deadlock avoided
fatal: mmap failed: Resource deadlock avoided
fatal: mmap failed: Resource deadlock avoided
fatal: mmap failed: Resource deadlock avoided
fatal: mmap failed: Resource deadlock avoided
fatal: mmap failed: Resource deadlock avoided
error: read error while indexing template.fls: Resource deadlock avoided
error: template.fls: failed to insert into database
error: unable to index file 'template.fls'
fatal: adding files failed
fatal: could not open '.git/COMMIT_EDITMSG': Resource deadlock avoided
fatal: could not open '.git/COMMIT_EDITMSG': Resource deadlock avoided
fatal: could not open '.git/COMMIT_EDITMSG': Resource deadlock avoided
fatal: could not open '.git/COMMIT_EDITMSG': Resource deadlock avoided
To https://github.com/informatiky/LaTeX.git
   1982665..77ba92a  main -> main
To https://github.com/informatiky/LaTeX.git
   77ba92a..126abd3  main -> main
